[00:00:00 [34mINFO[0;39m] [o.n.a.s.impl.EsStoryMapServiceImpl] [36m[0;39m: Starting incremental storymap sync since 2026-05-09T23:56:55.234798600+08:00
[00:00:00 [34mINFO[0;39m] [o.n.a.s.impl.EsStoryMapServiceImpl] [36m[0;39m: Completed incremental storymap sync: 0 items in 92ms
[00:00:00 [34mINFO[0;39m] [o.n.a.s.impl.EsTreeHoleServiceImpl] [36m[0;39m: [ES-Sync][INC-1778342400169] 开始增量同步树洞数据 (cron: 0 */15 * * * *)
[00:00:00 [34mINFO[0;39m] [o.n.a.s.impl.EsTreeHoleServiceImpl] [36m[0;39m: [ES-Sync][INC-1778342400169] 发现 0 条增量更新数据 (自 Sat May 09 23:56:55 CST 2026 起)
[00:00:00 [34mINFO[0;39m] [o.n.a.s.impl.EsTreeHoleServiceImpl] [36m[0;39m: [ES-Sync][INC-1778342400169] 无增量更新数据
[00:00:00 [34mINFO[0;39m] [o.n.a.s.impl.EsTreeHoleServiceImpl] [36m[0;39m: [ES-Sync][INC-1778342400169] 增量同步完成: 同步 0 条，耗时 9ms
[00:00:00 [34mINFO[0;39m] [o.n.a.service.impl.EsItemServiceImpl] [36m[0;39m: Starting incremental item sync since 2026-05-09T23:56:55.069334400+08:00
[00:00:00 [34mINFO[0;39m] [o.n.a.service.impl.EsItemServiceImpl] [36m[0;39m: Completed incremental item sync: 0 items in 121ms
[00:01:54 [34mINFO[0;39m] [o.n.a.service.impl.EsItemServiceImpl] [36m[0;39m: Starting scheduled item sync from database
[00:01:55 [34mINFO[0;39m] [o.n.a.service.impl.EsItemServiceImpl] [36m[0;39m: Completed full item sync: 105 items in 230ms
[00:01:55 [34mINFO[0;39m] [o.n.a.s.impl.EsTreeHoleServiceImpl] [36m[0;39m: [ES-Sync][FULL-1778342515068] 开始全量同步树洞数据到ES (配置间隔: 300000ms)
[00:01:55 [34mINFO[0;39m] [o.n.a.s.impl.EsTreeHoleServiceImpl] [36m[0;39m: [ES-Sync][FULL-1778342515068] 数据库中共有 8 条树洞帖子待同步
[00:01:55 [34mINFO[0;39m] [o.n.a.s.impl.EsTreeHoleServiceImpl] [36m[0;39m: [ES-Sync][FULL-1778342515068] 全量同步完成: 总计 8 条，耗时 67ms，累计同步 429 次/2958 条
[00:06:54 [34mINFO[0;39m] [o.n.a.service.impl.EsItemServiceImpl] [36m[0;39m: Starting scheduled item sync from database
[00:06:55 [34mINFO[0;39m] [o.n.a.service.impl.EsItemServiceImpl] [36m[0;39m: Completed full item sync: 105 items in 296ms
[00:06:55 [34mINFO[0;39m] [o.n.a.s.impl.EsTreeHoleServiceImpl] [36m[0;39m: [ES-Sync][FULL-1778342815124] 开始全量同步树洞数据到ES (配置间隔: 300000ms)
[00:06:55 [34mINFO[0;39m] [o.n.a.s.impl.EsTreeHoleServiceImpl] [36m[0;39m: [ES-Sync][FULL-1778342815124] 数据库中共有 8 条树洞帖子待同步
[00:06:55 [34mINFO[0;39m] [o.n.a.s.impl.EsTreeHoleServiceImpl] [36m[0;39m: [ES-Sync][FULL-1778342815124] 全量同步完成: 总计 8 条，耗时 80ms，累计同步 430 次/2966 条
[00:06:55 [34mINFO[0;39m] [o.n.a.s.impl.EsStoryMapServiceImpl] [36m[0;39m: Completed full storymap sync: 9 items in 91ms
[00:11:54 [34mINFO[0;39m] [o.n.a.service.impl.EsItemServiceImpl] [36m[0;39m: Starting scheduled item sync from database
[00:11:55 [34mINFO[0;39m] [o.n.a.service.impl.EsItemServiceImpl] [36m[0;39m: Completed full item sync: 105 items in 385ms
[00:11:55 [34mINFO[0;39m] [o.n.a.s.impl.EsTreeHoleServiceImpl] [36m[0;39m: [ES-Sync][FULL-1778343115254] 开始全量同步树洞数据到ES (配置间隔: 300000ms)
[00:11:55 [34mINFO[0;39m] [o.n.a.s.impl.EsTreeHoleServiceImpl] [36m[0;39m: [ES-Sync][FULL-1778343115254] 数据库中共有 8 条树洞帖子待同步
[00:11:55 [34mINFO[0;39m] [o.n.a.s.impl.EsTreeHoleServiceImpl] [36m[0;39m: [ES-Sync][FULL-1778343115254] 全量同步完成: 总计 8 条，耗时 67ms，累计同步 431 次/2974 条
[00:15:00 [34mINFO[0;39m] [o.n.a.s.impl.EsTreeHoleServiceImpl] [36m[0;39m: [ES-Sync][INC-1778343300006] 开始增量同步树洞数据 (cron: 0 */15 * * * *)
[00:15:00 [34mINFO[0;39m] [o.n.a.s.impl.EsTreeHoleServiceImpl] [36m[0;39m: [ES-Sync][INC-1778343300006] 发现 0 条增量更新数据 (自 Sun May 10 00:11:55 CST 2026 起)
[00:15:00 [34mINFO[0;39m] [o.n.a.s.impl.EsTreeHoleServiceImpl] [36m[0;39m: [ES-Sync][INC-1778343300006] 无增量更新数据
[00:15:00 [34mINFO[0;39m] [o.n.a.s.impl.EsTreeHoleServiceImpl] [36m[0;39m: [ES-Sync][INC-1778343300006] 增量同步完成: 同步 0 条，耗时 9ms
[00:15:00 [34mINFO[0;39m] [o.n.a.service.impl.EsItemServiceImpl] [36m[0;39m: Starting incremental item sync since 2026-05-10T00:11:55.227539200+08:00
[00:15:00 [34mINFO[0;39m] [o.n.a.service.impl.EsItemServiceImpl] [36m[0;39m: Completed incremental item sync: 0 items in 20ms
[00:16:54 [34mINFO[0;39m] [o.n.a.service.impl.EsItemServiceImpl] [36m[0;39m: Starting scheduled item sync from database
[00:16:55 [34mINFO[0;39m] [o.n.a.service.impl.EsItemServiceImpl] [36m[0;39m: Completed full item sync: 105 items in 298ms
[00:16:55 [34mINFO[0;39m] [o.n.a.s.impl.EsTreeHoleServiceImpl] [36m[0;39m: [ES-Sync][FULL-1778343415244] 开始全量同步树洞数据到ES (配置间隔: 300000ms)
[00:16:55 [34mINFO[0;39m] [o.n.a.s.impl.EsTreeHoleServiceImpl] [36m[0;39m: [ES-Sync][FULL-1778343415244] 数据库中共有 8 条树洞帖子待同步
[00:16:55 [34mINFO[0;39m] [o.n.a.s.impl.EsTreeHoleServiceImpl] [36m[0;39m: [ES-Sync][FULL-1778343415244] 全量同步完成: 总计 8 条，耗时 69ms，累计同步 433 次/2982 条
[00:16:55 [34mINFO[0;39m] [o.n.a.s.impl.EsStoryMapServiceImpl] [36m[0;39m: Completed full storymap sync: 9 items in 85ms
[00:21:54 [34mINFO[0;39m] [o.n.a.service.impl.EsItemServiceImpl] [36m[0;39m: Starting scheduled item sync from database
[00:21:54 [34mINFO[0;39m] [o.n.a.service.impl.EsItemServiceImpl] [36m[0;39m: Completed full item sync: 105 items in 171ms
[00:21:55 [34mINFO[0;39m] [o.n.a.s.impl.EsTreeHoleServiceImpl] [36m[0;39m: [ES-Sync][FULL-1778343715019] 开始全量同步树洞数据到ES (配置间隔: 300000ms)
[00:21:55 [34mINFO[0;39m] [o.n.a.s.impl.EsTreeHoleServiceImpl] [36m[0;39m: [ES-Sync][FULL-1778343715019] 数据库中共有 8 条树洞帖子待同步
[00:21:55 [34mINFO[0;39m] [o.n.a.s.impl.EsTreeHoleServiceImpl] [36m[0;39m: [ES-Sync][FULL-1778343715019] 全量同步完成: 总计 8 条，耗时 50ms，累计同步 434 次/2990 条
[00:26:52 [34mINFO[0;39m] [o.s.boot.tomcat.GracefulShutdown] [36mCOMMONS-LOGGING[0;39m: Commencing graceful shutdown. Waiting for active requests to complete
[00:26:52 [34mINFO[0;39m] [o.s.boot.tomcat.GracefulShutdown] [36mCOMMONS-LOGGING[0;39m: Graceful shutdown complete
[00:26:52 [34mINFO[0;39m] [o.s.o.j.LocalContainerEntityManagerFactoryBean] [36mCOMMONS-LOGGING[0;39m: Closing JPA EntityManagerFactory for persistence unit 'default'
[00:26:52 [34mINFO[0;39m] [com.zaxxer.hikari.HikariDataSource] [36m[0;39m: HikariPool-1 - Shutdown initiated...
[00:26:52 [34mINFO[0;39m] [com.zaxxer.hikari.HikariDataSource] [36m[0;39m: HikariPool-1 - Shutdown completed.
